Log saved to output_21_16_04_05_30.log
arxiv
[..0779/PA3/src/util.cu:74 (argParse)] dset = "arxiv" (std::string)
[..0779/PA3/src/data.cu:5 (load_graph)] loading
[..79/PA3/test/main.cpp:17 (main)] kLen = 32 (int)
[==========] Running 3 tests from 1 test suite.
[----------] Global test environment set-up.
[----------] 3 tests from SpMMTest
[ RUN      ] SpMMTest.validation
[       OK ] SpMMTest.validation (63 ms)
[ RUN      ] SpMMTest.cusparse_performance
[..A3/test/test_spmm.cu:62 (TestBody)] time = 0.000770863 (double)
[       OK ] SpMMTest.cusparse_performance (233 ms)
[ RUN      ] SpMMTest.opt_performance
[..A3/test/test_spmm.cu:71 (TestBody)] time = 0.00740881 (double)
[       OK ] SpMMTest.opt_performance (229 ms)
[----------] 3 tests from SpMMTest (527 ms total)

[----------] Global test environment tear-down
[==========] 3 tests from 1 test suite ran. (527 ms total)
[  PASSED  ] 3 tests.
collab
[..0779/PA3/src/util.cu:74 (argParse)] dset = "collab" (std::string)
[..0779/PA3/src/data.cu:5 (load_graph)] loading
[..79/PA3/test/main.cpp:17 (main)] kLen = 32 (int)
[==========] Running 3 tests from 1 test suite.
[----------] Global test environment set-up.
[----------] 3 tests from SpMMTest
[ RUN      ] SpMMTest.validation
[       OK ] SpMMTest.validation (31 ms)
[ RUN      ] SpMMTest.cusparse_performance
[..A3/test/test_spmm.cu:62 (TestBody)] time = 0.00127087 (double)
[       OK ] SpMMTest.cusparse_performance (249 ms)
[ RUN      ] SpMMTest.opt_performance
[..A3/test/test_spmm.cu:71 (TestBody)] time = 0.00174886 (double)
[       OK ] SpMMTest.opt_performance (58 ms)
[----------] 3 tests from SpMMTest (339 ms total)

[----------] Global test environment tear-down
[==========] 3 tests from 1 test suite ran. (339 ms total)
[  PASSED  ] 3 tests.
citation
[..0779/PA3/src/util.cu:74 (argParse)] dset = "citation" (std::string)
[..0779/PA3/src/data.cu:5 (load_graph)] loading
[..79/PA3/test/main.cpp:17 (main)] kLen = 32 (int)
[==========] Running 3 tests from 1 test suite.
[----------] Global test environment set-up.
[----------] 3 tests from SpMMTest
[ RUN      ] SpMMTest.validation
[       OK ] SpMMTest.validation (384 ms)
[ RUN      ] SpMMTest.cusparse_performance
[..A3/test/test_spmm.cu:62 (TestBody)] time = 0.0164424 (double)
[       OK ] SpMMTest.cusparse_performance (747 ms)
[ RUN      ] SpMMTest.opt_performance
[..A3/test/test_spmm.cu:71 (TestBody)] time = 0.0208723 (double)
[       OK ] SpMMTest.opt_performance (678 ms)
[----------] 3 tests from SpMMTest (1811 ms total)

[----------] Global test environment tear-down
[==========] 3 tests from 1 test suite ran. (1811 ms total)
[  PASSED  ] 3 tests.
ddi
[..0779/PA3/src/util.cu:74 (argParse)] dset = "ddi" (std::string)
[..0779/PA3/src/data.cu:5 (load_graph)] loading
[..79/PA3/test/main.cpp:17 (main)] kLen = 32 (int)
[==========] Running 3 tests from 1 test suite.
[----------] Global test environment set-up.
[----------] 3 tests from SpMMTest
[ RUN      ] SpMMTest.validation
[       OK ] SpMMTest.validation (18 ms)
[ RUN      ] SpMMTest.cusparse_performance
[..A3/test/test_spmm.cu:62 (TestBody)] time = 0.000640111 (double)
[       OK ] SpMMTest.cusparse_performance (219 ms)
[ RUN      ] SpMMTest.opt_performance
[..A3/test/test_spmm.cu:71 (TestBody)] time = 0.00151066 (double)
[       OK ] SpMMTest.opt_performance (46 ms)
[----------] 3 tests from SpMMTest (285 ms total)

[----------] Global test environment tear-down
[==========] 3 tests from 1 test suite ran. (285 ms total)
[  PASSED  ] 3 tests.
protein
[..0779/PA3/src/util.cu:74 (argParse)] dset = "protein" (std::string)
[..0779/PA3/src/data.cu:5 (load_graph)] loading
[..79/PA3/test/main.cpp:17 (main)] kLen = 32 (int)
[==========] Running 3 tests from 1 test suite.
[----------] Global test environment set-up.
[----------] 3 tests from SpMMTest
[ RUN      ] SpMMTest.validation
[       OK ] SpMMTest.validation (827 ms)
[ RUN      ] SpMMTest.cusparse_performance
[..A3/test/test_spmm.cu:62 (TestBody)] time = 0.0246453 (double)
[       OK ] SpMMTest.cusparse_performance (982 ms)
[ RUN      ] SpMMTest.opt_performance
[..A3/test/test_spmm.cu:71 (TestBody)] time = 0.0311087 (double)
[       OK ] SpMMTest.opt_performance (971 ms)
[----------] 3 tests from SpMMTest (2781 ms total)

[----------] Global test environment tear-down
[==========] 3 tests from 1 test suite ran. (2781 ms total)
[  PASSED  ] 3 tests.
ppa
[..0779/PA3/src/util.cu:74 (argParse)] dset = "ppa" (std::string)
[..0779/PA3/src/data.cu:5 (load_graph)] loading
[..79/PA3/test/main.cpp:17 (main)] kLen = 32 (int)
[==========] Running 3 tests from 1 test suite.
[----------] Global test environment set-up.
[----------] 3 tests from SpMMTest
[ RUN      ] SpMMTest.validation
[       OK ] SpMMTest.validation (496 ms)
[ RUN      ] SpMMTest.cusparse_performance
[..A3/test/test_spmm.cu:62 (TestBody)] time = 0.0183812 (double)
[       OK ] SpMMTest.cusparse_performance (783 ms)
[ RUN      ] SpMMTest.opt_performance
[..A3/test/test_spmm.cu:71 (TestBody)] time = 0.0228283 (double)
[       OK ] SpMMTest.opt_performance (715 ms)
[----------] 3 tests from SpMMTest (1995 ms total)

[----------] Global test environment tear-down
[==========] 3 tests from 1 test suite ran. (1996 ms total)
[  PASSED  ] 3 tests.
reddit.dgl
[..0779/PA3/src/util.cu:74 (argParse)] dset = "reddit.dgl" (std::string)
[..0779/PA3/src/data.cu:5 (load_graph)] loading
[..79/PA3/test/main.cpp:17 (main)] kLen = 32 (int)
[==========] Running 3 tests from 1 test suite.
[----------] Global test environment set-up.
[----------] 3 tests from SpMMTest
[ RUN      ] SpMMTest.validation
[       OK ] SpMMTest.validation (1199 ms)
[ RUN      ] SpMMTest.cusparse_performance
[..A3/test/test_spmm.cu:62 (TestBody)] time = 0.0485281 (double)
[       OK ] SpMMTest.cusparse_performance (1705 ms)
[ RUN      ] SpMMTest.opt_performance
[..A3/test/test_spmm.cu:71 (TestBody)] time = 0.0571348 (double)
[       OK ] SpMMTest.opt_performance (1767 ms)
[----------] 3 tests from SpMMTest (4672 ms total)

[----------] Global test environment tear-down
[==========] 3 tests from 1 test suite ran. (4673 ms total)
[  PASSED  ] 3 tests.
products
[..0779/PA3/src/util.cu:74 (argParse)] dset = "products" (std::string)
[..0779/PA3/src/data.cu:5 (load_graph)] loading
[..79/PA3/test/main.cpp:17 (main)] kLen = 32 (int)
[==========] Running 3 tests from 1 test suite.
[----------] Global test environment set-up.
[----------] 3 tests from SpMMTest
[ RUN      ] SpMMTest.validation
[       OK ] SpMMTest.validation (1462 ms)
[ RUN      ] SpMMTest.cusparse_performance
[..A3/test/test_spmm.cu:62 (TestBody)] time = 0.0558593 (double)
[       OK ] SpMMTest.cusparse_performance (1951 ms)
[ RUN      ] SpMMTest.opt_performance
[..A3/test/test_spmm.cu:71 (TestBody)] time = 0.0665101 (double)
[       OK ] SpMMTest.opt_performance (2073 ms)
[----------] 3 tests from SpMMTest (5488 ms total)

[----------] Global test environment tear-down
[==========] 3 tests from 1 test suite ran. (5488 ms total)
[  PASSED  ] 3 tests.
youtube
[..0779/PA3/src/util.cu:74 (argParse)] dset = "youtube" (std::string)
[..0779/PA3/src/data.cu:5 (load_graph)] loading
[..79/PA3/test/main.cpp:17 (main)] kLen = 32 (int)
[==========] Running 3 tests from 1 test suite.
[----------] Global test environment set-up.
[----------] 3 tests from SpMMTest
[ RUN      ] SpMMTest.validation
[       OK ] SpMMTest.validation (177 ms)
[ RUN      ] SpMMTest.cusparse_performance
[..A3/test/test_spmm.cu:62 (TestBody)] time = 0.00364466 (double)
[       OK ] SpMMTest.cusparse_performance (334 ms)
[ RUN      ] SpMMTest.opt_performance
[..A3/test/test_spmm.cu:71 (TestBody)] time = 0.0196086 (double)
[       OK ] SpMMTest.opt_performance (611 ms)
[----------] 3 tests from SpMMTest (1123 ms total)

[----------] Global test environment tear-down
[==========] 3 tests from 1 test suite ran. (1123 ms total)
[  PASSED  ] 3 tests.
amazon_cogdl
[..0779/PA3/src/util.cu:74 (argParse)] dset = "amazon_cogdl" (std::string)
[..0779/PA3/src/data.cu:5 (load_graph)] loading
[..79/PA3/test/main.cpp:17 (main)] kLen = 32 (int)
[==========] Running 3 tests from 1 test suite.
[----------] Global test environment set-up.
[----------] 3 tests from SpMMTest
[ RUN      ] SpMMTest.validation
[       OK ] SpMMTest.validation (2682 ms)
[ RUN      ] SpMMTest.cusparse_performance
[..A3/test/test_spmm.cu:62 (TestBody)] time = 0.12535 (double)
[       OK ] SpMMTest.cusparse_performance (4052 ms)
[ RUN      ] SpMMTest.opt_performance
[..A3/test/test_spmm.cu:71 (TestBody)] time = 0.171161 (double)
[       OK ] SpMMTest.opt_performance (5233 ms)
[----------] 3 tests from SpMMTest (11969 ms total)

[----------] Global test environment tear-down
[==========] 3 tests from 1 test suite ran. (11969 ms total)
[  PASSED  ] 3 tests.
yelp
[..0779/PA3/src/util.cu:74 (argParse)] dset = "yelp" (std::string)
[..0779/PA3/src/data.cu:5 (load_graph)] loading
[..79/PA3/test/main.cpp:17 (main)] kLen = 32 (int)
[==========] Running 3 tests from 1 test suite.
[----------] Global test environment set-up.
[----------] 3 tests from SpMMTest
[ RUN      ] SpMMTest.validation
[       OK ] SpMMTest.validation (169 ms)
[ RUN      ] SpMMTest.cusparse_performance
[..A3/test/test_spmm.cu:62 (TestBody)] time = 0.00657463 (double)
[       OK ] SpMMTest.cusparse_performance (418 ms)
[ RUN      ] SpMMTest.opt_performance
[..A3/test/test_spmm.cu:71 (TestBody)] time = 0.0103204 (double)
[       OK ] SpMMTest.opt_performance (329 ms)
[----------] 3 tests from SpMMTest (917 ms total)

[----------] Global test environment tear-down
[==========] 3 tests from 1 test suite ran. (917 ms total)
[  PASSED  ] 3 tests.
wikikg2
[..0779/PA3/src/util.cu:74 (argParse)] dset = "wikikg2" (std::string)
[..0779/PA3/src/data.cu:5 (load_graph)] loading
[..79/PA3/test/main.cpp:17 (main)] kLen = 32 (int)
[==========] Running 3 tests from 1 test suite.
[----------] Global test environment set-up.
[----------] 3 tests from SpMMTest
[ RUN      ] SpMMTest.validation
[       OK ] SpMMTest.validation (86 ms)
[ RUN      ] SpMMTest.cusparse_performance
[..A3/test/test_spmm.cu:62 (TestBody)] time = 0.00714026 (double)
[       OK ] SpMMTest.cusparse_performance (454 ms)
[ RUN      ] SpMMTest.opt_performance
[..A3/test/test_spmm.cu:71 (TestBody)] time = 0.00928734 (double)
[       OK ] SpMMTest.opt_performance (321 ms)
[----------] 3 tests from SpMMTest (862 ms total)

[----------] Global test environment tear-down
[==========] 3 tests from 1 test suite ran. (862 ms total)
[  PASSED  ] 3 tests.
am
[..0779/PA3/src/util.cu:74 (argParse)] dset = "am" (std::string)
[..0779/PA3/src/data.cu:5 (load_graph)] loading
[..79/PA3/test/main.cpp:17 (main)] kLen = 32 (int)
[==========] Running 3 tests from 1 test suite.
[----------] Global test environment set-up.
[----------] 3 tests from SpMMTest
[ RUN      ] SpMMTest.validation
[       OK ] SpMMTest.validation (720 ms)
[ RUN      ] SpMMTest.cusparse_performance
[..A3/test/test_spmm.cu:62 (TestBody)] time = 0.00374223 (double)
[       OK ] SpMMTest.cusparse_performance (329 ms)
[ RUN      ] SpMMTest.opt_performance
[..A3/test/test_spmm.cu:71 (TestBody)] time = 0.113473 (double)
[       OK ] SpMMTest.opt_performance (3423 ms)
[----------] 3 tests from SpMMTest (4473 ms total)

[----------] Global test environment tear-down
[==========] 3 tests from 1 test suite ran. (4473 ms total)
[  PASSED  ] 3 tests.
